run 1/10 baseline interactive: cold fcp=248 load=246
run 1/10 baseline frames: cold fcp=180 load=338
run 1/10 baseline spa: cold fcp=180 load=904
run 1/10 current+assisted interactive: cold fcp=152 load=161
run 1/10 current+assisted frames: cold fcp=136 load=249
run 1/10 current+assisted spa: cold fcp=128 load=884
run 2/10 baseline interactive: cold fcp=240 load=235
run 2/10 baseline frames: cold fcp=176 load=336
run 2/10 baseline spa: cold fcp=180 load=909
run 2/10 current+assisted interactive: cold fcp=132 load=146
run 2/10 current+assisted frames: cold fcp=124 load=238
run 2/10 current+assisted spa: cold fcp=128 load=892
run 3/10 baseline interactive: cold fcp=264 load=260
run 3/10 baseline frames: cold fcp=172 load=331
run 3/10 baseline spa: cold fcp=176 load=911
run 3/10 current+assisted interactive: cold fcp=128 load=149
run 3/10 current+assisted frames: cold fcp=133 load=244
run 3/10 current+assisted spa: cold fcp=120 load=882
run 4/10 baseline interactive: cold fcp=236 load=232
run 4/10 baseline frames: cold fcp=180 load=352
run 4/10 baseline spa: cold fcp=176 load=917
run 4/10 current+assisted interactive: cold fcp=152 load=160
run 4/10 current+assisted frames: cold fcp=129 load=241
run 4/10 current+assisted spa: cold fcp=136 load=893
run 5/10 baseline interactive: cold fcp=236 load=231
run 5/10 baseline frames: cold fcp=196 load=373
run 5/10 baseline spa: cold fcp=177 load=911
run 5/10 current+assisted interactive: cold fcp=128 load=148
run 5/10 current+assisted frames: cold fcp=128 load=245
run 5/10 current+assisted spa: cold fcp=124 load=891
run 6/10 baseline interactive: cold fcp=296 load=289
run 6/10 baseline frames: cold fcp=172 load=326
run 6/10 baseline spa: cold fcp=172 load=898
run 6/10 current+assisted interactive: cold fcp=133 load=144
run 6/10 current+assisted frames: cold fcp=125 load=237
run 6/10 current+assisted spa: cold fcp=133 load=891
run 7/10 baseline interactive: cold fcp=244 load=242
run 7/10 baseline frames: cold fcp=172 load=330
run 7/10 baseline spa: cold fcp=173 load=900
run 7/10 current+assisted interactive: cold fcp=136 load=147
run 7/10 current+assisted frames: cold fcp=140 load=254
run 7/10 current+assisted spa: cold fcp=125 load=878
run 8/10 baseline interactive: cold fcp=240 load=237
run 8/10 baseline frames: cold fcp=184 load=337
run 8/10 baseline spa: cold fcp=176 load=912
run 8/10 current+assisted interactive: cold fcp=132 load=149
run 8/10 current+assisted frames: cold fcp=128 load=240
run 8/10 current+assisted spa: cold fcp=132 load=891
run 9/10 baseline interactive: cold fcp=244 load=240
run 9/10 baseline frames: cold fcp=176 load=333
run 9/10 baseline spa: cold fcp=180 load=911
run 9/10 current+assisted interactive: cold fcp=137 load=147
run 9/10 current+assisted frames: cold fcp=132 load=243
run 9/10 current+assisted spa: cold fcp=124 load=880
run 10/10 baseline interactive: cold fcp=232 load=229
run 10/10 baseline frames: cold fcp=184 load=343
run 10/10 baseline spa: cold fcp=176 load=906
run 10/10 current+assisted interactive: cold fcp=132 load=146
run 10/10 current+assisted frames: cold fcp=136 load=248
run 10/10 current+assisted spa: cold fcp=128 load=885
wrote <repo>\packages\bench\results\baseline-typical-cpu1.json
wrote <repo>\packages\bench\results\current+assisted-typical-cpu1.json
