run 1/8 current+assisted interactive: warm fcp=173 load=178 | revisit fcp=148 load=152
run 1/8 current+assisted article: warm fcp=244 load=238 | revisit fcp=256 load=254
run 1/8 current+assisted news: warm fcp=244 load=355 | revisit fcp=260 load=366
run 1/8 current+assisted frames: warm fcp=120 load=228 | revisit fcp=124 load=237
run 1/8 current+assisted+immutable interactive: warm fcp=124 load=130 | revisit fcp=124 load=142
run 1/8 current+assisted+immutable article: warm fcp=240 load=239 | revisit fcp=256 load=254
run 1/8 current+assisted+immutable news: warm fcp=248 load=357 | revisit fcp=264 load=371
run 1/8 current+assisted+immutable frames: warm fcp=100 load=215 | revisit fcp=132 load=243
run 2/8 current+assisted interactive: warm fcp=212 load=210 | revisit fcp=125 load=139
run 2/8 current+assisted article: warm fcp=248 load=244 | revisit fcp=248 load=245
run 2/8 current+assisted news: warm fcp=232 load=356 | revisit fcp=252 load=362
run 2/8 current+assisted frames: warm fcp=120 load=229 | revisit fcp=124 load=237
run 2/8 current+assisted+immutable interactive: warm fcp=124 load=133 | revisit fcp=136 load=151
run 2/8 current+assisted+immutable article: warm fcp=228 load=225 | revisit fcp=236 load=235
run 2/8 current+assisted+immutable news: warm fcp=252 load=358 | revisit fcp=240 load=366
run 2/8 current+assisted+immutable frames: warm fcp=120 load=229 | revisit fcp=128 load=242
run 3/8 current+assisted interactive: warm fcp=124 load=132 | revisit fcp=140 load=148
run 3/8 current+assisted article: warm fcp=240 load=237 | revisit fcp=240 load=239
run 3/8 current+assisted news: warm fcp=244 load=354 | revisit fcp=268 load=374
run 3/8 current+assisted frames: warm fcp=120 load=228 | revisit fcp=153 load=253
run 3/8 current+assisted+immutable interactive: warm fcp=128 load=145 | revisit fcp=128 load=142
run 3/8 current+assisted+immutable article: warm fcp=216 load=211 | revisit fcp=248 load=244
run 3/8 current+assisted+immutable news: warm fcp=252 load=361 | revisit fcp=241 load=365
run 3/8 current+assisted+immutable frames: warm fcp=112 load=224 | revisit fcp=132 load=249
run 4/8 current+assisted interactive: warm fcp=201 load=197 | revisit fcp=152 load=159
run 4/8 current+assisted article: warm fcp=248 load=247 | revisit fcp=252 load=252
run 4/8 current+assisted news: warm fcp=260 load=366 | revisit fcp=256 load=360
run 4/8 current+assisted frames: warm fcp=120 load=232 | revisit fcp=132 load=245
run 4/8 current+assisted+immutable interactive: warm fcp=185 load=187 | revisit fcp=136 load=150
run 4/8 current+assisted+immutable article: warm fcp=244 load=241 | revisit fcp=224 load=223
run 4/8 current+assisted+immutable news: warm fcp=248 load=358 | revisit fcp=268 load=384
run 4/8 current+assisted+immutable frames: warm fcp=112 load=239 | revisit fcp=132 load=246
run 5/8 current+assisted interactive: warm fcp=192 load=188 | revisit fcp=132 load=147
run 5/8 current+assisted article: warm fcp=232 load=227 | revisit fcp=248 load=246
run 5/8 current+assisted news: warm fcp=256 load=362 | revisit fcp=264 load=369
run 5/8 current+assisted frames: warm fcp=124 load=233 | revisit fcp=120 load=234
run 5/8 current+assisted+immutable interactive: warm fcp=184 load=205 | revisit fcp=132 load=146
run 5/8 current+assisted+immutable article: warm fcp=240 load=235 | revisit fcp=232 load=231
run 5/8 current+assisted+immutable news: warm fcp=248 load=356 | revisit fcp=244 load=369
run 5/8 current+assisted+immutable frames: warm fcp=116 load=222 | revisit fcp=172 load=305
run 6/8 current+assisted interactive: warm fcp=205 load=169 | revisit fcp=128 load=151
run 6/8 current+assisted article: warm fcp=244 load=239 | revisit fcp=236 load=236
run 6/8 current+assisted news: warm fcp=244 load=367 | revisit fcp=256 load=362
run 6/8 current+assisted frames: warm fcp=120 load=239 | revisit fcp=125 load=235
run 6/8 current+assisted+immutable interactive: warm fcp=120 load=134 | revisit fcp=141 load=155
run 6/8 current+assisted+immutable article: warm fcp=228 load=224 | revisit fcp=252 load=249
run 6/8 current+assisted+immutable news: warm fcp=252 load=356 | revisit fcp=256 load=364
run 6/8 current+assisted+immutable frames: warm fcp=112 load=224 | revisit fcp=120 load=234
run 7/8 current+assisted interactive: warm fcp=136 load=146 | revisit fcp=128 load=142
run 7/8 current+assisted article: warm fcp=244 load=242 | revisit fcp=240 load=239
run 7/8 current+assisted news: warm fcp=236 load=362 | revisit fcp=256 load=365
run 7/8 current+assisted frames: warm fcp=116 load=233 | revisit fcp=124 load=236
run 7/8 current+assisted+immutable interactive: warm fcp=188 load=186 | revisit fcp=120 load=147
run 7/8 current+assisted+immutable article: warm fcp=232 load=227 | revisit fcp=224 load=224
run 7/8 current+assisted+immutable news: warm fcp=244 load=352 | revisit fcp=264 load=365
run 7/8 current+assisted+immutable frames: warm fcp=100 load=214 | revisit fcp=112 load=235
run 8/8 current+assisted interactive: warm fcp=185 load=184 | revisit fcp=144 load=154
run 8/8 current+assisted article: warm fcp=240 load=237 | revisit fcp=252 load=250
run 8/8 current+assisted news: warm fcp=260 load=366 | revisit fcp=268 load=368
run 8/8 current+assisted frames: warm fcp=112 load=222 | revisit fcp=136 load=247
run 8/8 current+assisted+immutable interactive: warm fcp=168 load=174 | revisit fcp=124 load=149
run 8/8 current+assisted+immutable article: warm fcp=244 load=225 | revisit fcp=228 load=227
run 8/8 current+assisted+immutable news: warm fcp=244 load=354 | revisit fcp=236 load=363
run 8/8 current+assisted+immutable frames: warm fcp=112 load=223 | revisit fcp=124 load=238
wrote <repo>\packages\bench\results\current+assisted-typical-cpu1.json
wrote <repo>\packages\bench\results\current+assisted+immutable-typical-cpu1.json
