run 1/5 baseline article: cold fcp=774 load=1383 | warm fcp=320 load=606
run 1/5 baseline spa: cold fcp=558 load=1555 | warm fcp=260 load=268
run 1/5 baseline css-heavy: cold fcp=594 load=1748 | warm fcp=244 load=727
run 1/5 baseline grid: cold fcp=538 load=1411 | warm fcp=152 load=539
run 1/5 baseline frames: cold fcp=482 load=855 | warm fcp=140 load=300
run 1/5 baseline news: cold fcp=1242 load=1832 | warm fcp=604 load=602
run 1/5 baseline interactive: cold fcp=658 load=599 | warm fcp=224 load=220
run 1/5 current+assisted article: cold fcp=646 load=872 | warm fcp=228 load=226
run 1/5 current+assisted spa: cold fcp=267 load=1516 | warm fcp=116 load=258
run 1/5 current+assisted css-heavy: cold fcp=602 load=1027 | warm fcp=216 load=204
run 1/5 current+assisted grid: cold fcp=242 load=497 | warm fcp=124 load=227
run 1/5 current+assisted frames: cold fcp=258 load=473 | warm fcp=124 load=231
run 1/5 current+assisted news: cold fcp=878 load=1128 | warm fcp=244 load=351
run 1/5 current+assisted interactive: cold fcp=346 load=286 | warm fcp=124 load=136
run 2/5 baseline article: cold fcp=798 load=1366 | warm fcp=320 load=607
run 2/5 baseline spa: cold fcp=486 load=1451 | warm fcp=136 load=272
run 2/5 baseline css-heavy: cold fcp=638 load=1849 | warm fcp=244 load=233
run 2/5 baseline grid: cold fcp=538 load=1307 | warm fcp=188 load=539
run 2/5 baseline frames: cold fcp=450 load=824 | warm fcp=144 load=307
run 2/5 baseline news: cold fcp=1242 load=1875 | warm fcp=588 load=585
run 2/5 baseline interactive: cold fcp=558 load=497 | warm fcp=216 load=212
run 2/5 current+assisted article: cold fcp=725 load=981 | warm fcp=236 load=231
run 2/5 current+assisted spa: cold fcp=262 load=1549 | warm fcp=108 load=248
run 2/5 current+assisted css-heavy: cold fcp=626 load=1036 | warm fcp=204 load=196
run 2/5 current+assisted grid: cold fcp=222 load=496 | warm fcp=124 load=227
run 2/5 current+assisted frames: cold fcp=254 load=462 | warm fcp=116 load=224
run 2/5 current+assisted news: cold fcp=870 load=1103 | warm fcp=248 load=355
run 2/5 current+assisted interactive: cold fcp=346 load=287 | warm fcp=128 load=136
run 3/5 baseline article: cold fcp=766 load=1354 | warm fcp=328 load=611
run 3/5 baseline spa: cold fcp=474 load=1429 | warm fcp=140 load=279
run 3/5 baseline css-heavy: cold fcp=650 load=1731 | warm fcp=236 load=228
run 3/5 baseline grid: cold fcp=530 load=1349 | warm fcp=200 load=546
run 3/5 baseline frames: cold fcp=458 load=887 | warm fcp=144 load=306
run 3/5 baseline news: cold fcp=1242 load=1797 | warm fcp=604 load=603
run 3/5 baseline interactive: cold fcp=602 load=598 | warm fcp=216 load=198
run 3/5 current+assisted article: cold fcp=598 load=809 | warm fcp=232 load=227
run 3/5 current+assisted spa: cold fcp=233 load=1513 | warm fcp=120 load=259
run 3/5 current+assisted css-heavy: cold fcp=562 load=947 | warm fcp=208 load=193
run 3/5 current+assisted grid: cold fcp=226 load=472 | warm fcp=124 load=231
run 3/5 current+assisted frames: cold fcp=258 load=460 | warm fcp=120 load=233
run 3/5 current+assisted news: cold fcp=822 load=1063 | warm fcp=232 load=355
run 3/5 current+assisted interactive: cold fcp=334 load=335 | warm fcp=132 load=141
run 4/5 baseline article: cold fcp=738 load=1318 | warm fcp=332 load=617
run 4/5 baseline spa: cold fcp=494 load=1476 | warm fcp=204 load=281
run 4/5 baseline css-heavy: cold fcp=598 load=1765 | warm fcp=244 load=234
run 4/5 baseline grid: cold fcp=530 load=1310 | warm fcp=196 load=553
run 4/5 baseline frames: cold fcp=442 load=841 | warm fcp=152 load=310
run 4/5 baseline news: cold fcp=1254 load=1919 | warm fcp=608 load=607
run 4/5 baseline interactive: cold fcp=570 load=564 | warm fcp=224 load=206
run 4/5 current+assisted article: cold fcp=591 load=791 | warm fcp=232 load=228
run 4/5 current+assisted spa: cold fcp=238 load=1485 | warm fcp=116 load=253
run 4/5 current+assisted css-heavy: cold fcp=626 load=1032 | warm fcp=216 load=213
run 4/5 current+assisted grid: cold fcp=230 load=468 | warm fcp=124 load=227
run 4/5 current+assisted frames: cold fcp=246 load=456 | warm fcp=124 load=243
run 4/5 current+assisted news: cold fcp=842 load=1083 | warm fcp=236 load=362
run 4/5 current+assisted interactive: cold fcp=310 load=312 | warm fcp=132 load=144
run 5/5 baseline article: cold fcp=738 load=1265 | warm fcp=344 load=628
run 5/5 baseline spa: cold fcp=454 load=1468 | warm fcp=140 load=275
run 5/5 baseline css-heavy: cold fcp=598 load=1698 | warm fcp=248 load=238
run 5/5 baseline grid: cold fcp=518 load=1281 | warm fcp=148 load=544
run 5/5 baseline frames: cold fcp=442 load=841 | warm fcp=144 load=300
run 5/5 baseline news: cold fcp=1218 load=1880 | warm fcp=584 load=580
run 5/5 baseline interactive: cold fcp=550 load=546 | warm fcp=208 load=192
run 5/5 current+assisted article: cold fcp=578 load=782 | warm fcp=228 load=226
run 5/5 current+assisted spa: cold fcp=234 load=1483 | warm fcp=116 load=260
run 5/5 current+assisted css-heavy: cold fcp=582 load=544 | warm fcp=212 load=195
run 5/5 current+assisted grid: cold fcp=214 load=454 | warm fcp=112 load=225
run 5/5 current+assisted frames: cold fcp=250 load=437 | warm fcp=120 load=234
run 5/5 current+assisted news: cold fcp=826 load=1061 | warm fcp=232 load=357
run 5/5 current+assisted interactive: cold fcp=331 load=274 | warm fcp=124 load=130
wrote <repo>\packages\bench\results\baseline-typical-cpu4.json
wrote <repo>\packages\bench\results\current+assisted-typical-cpu4.json
