run 1/7 measured+assisted article: cold fcp=409 load=555 | warm fcp=232 load=229 | revisit fcp=248 load=245
run 1/7 measured+assisted spa: cold fcp=144 load=957 | warm fcp=112 load=275 | revisit fcp=128 load=228
run 1/7 measured+assisted css-heavy: cold fcp=436 load=419 | warm fcp=204 load=194 | revisit fcp=237 load=219
run 1/7 measured+assisted grid: cold fcp=129 load=279 | warm fcp=124 load=234 | revisit fcp=128 load=248
run 1/7 measured+assisted frames: cold fcp=153 load=275 | warm fcp=124 load=255 | revisit fcp=129 load=241
run 1/7 measured+assisted news: cold fcp=361 load=506 | warm fcp=292 load=370 | revisit fcp=273 load=365
run 1/7 measured+assisted interactive: cold fcp=201 load=217 | warm fcp=188 load=187 | revisit fcp=132 load=148
run 1/7 current+assisted article: cold fcp=344 load=501 | warm fcp=240 load=234 | revisit fcp=260 load=260
run 1/7 current+assisted spa: cold fcp=149 load=925 | warm fcp=112 load=262 | revisit fcp=132 load=222
run 1/7 current+assisted css-heavy: cold fcp=445 load=425 | warm fcp=212 load=198 | revisit fcp=244 load=225
run 1/7 current+assisted grid: cold fcp=132 load=301 | warm fcp=120 load=246 | revisit fcp=124 load=243
run 1/7 current+assisted frames: cold fcp=153 load=255 | warm fcp=128 load=250 | revisit fcp=125 load=238
run 1/7 current+assisted news: cold fcp=369 load=521 | warm fcp=260 load=365 | revisit fcp=268 load=367
run 1/7 current+assisted interactive: cold fcp=173 load=166 | warm fcp=193 load=191 | revisit fcp=140 load=157
run 2/7 measured+assisted article: cold fcp=353 load=487 | warm fcp=232 load=227 | revisit fcp=248 load=247
run 2/7 measured+assisted spa: cold fcp=148 load=949 | warm fcp=116 load=266 | revisit fcp=125 load=212
run 2/7 measured+assisted css-heavy: cold fcp=428 load=417 | warm fcp=216 load=203 | revisit fcp=232 load=215
run 2/7 measured+assisted grid: cold fcp=137 load=303 | warm fcp=120 load=245 | revisit fcp=120 load=242
run 2/7 measured+assisted frames: cold fcp=152 load=250 | warm fcp=116 load=239 | revisit fcp=141 load=252
run 2/7 measured+assisted news: cold fcp=340 load=492 | warm fcp=260 load=365 | revisit fcp=273 load=375
run 2/7 measured+assisted interactive: cold fcp=144 load=160 | warm fcp=137 load=144 | revisit fcp=137 load=151
run 2/7 current+assisted article: cold fcp=345 load=473 | warm fcp=228 load=226 | revisit fcp=249 load=248
run 2/7 current+assisted spa: cold fcp=157 load=909 | warm fcp=260 load=269 | revisit fcp=137 load=259
run 2/7 current+assisted css-heavy: cold fcp=441 load=425 | warm fcp=204 load=194 | revisit fcp=221 load=203
run 2/7 current+assisted grid: cold fcp=128 load=281 | warm fcp=124 load=249 | revisit fcp=120 load=245
run 2/7 current+assisted frames: cold fcp=145 load=273 | warm fcp=136 load=268 | revisit fcp=136 load=251
run 2/7 current+assisted news: cold fcp=376 load=531 | warm fcp=260 load=370 | revisit fcp=288 load=371
run 2/7 current+assisted interactive: cold fcp=152 load=163 | warm fcp=172 load=177 | revisit fcp=148 load=157
run 3/7 measured+assisted article: cold fcp=341 load=483 | warm fcp=240 load=237 | revisit fcp=252 load=250
run 3/7 measured+assisted spa: cold fcp=132 load=909 | warm fcp=116 load=269 | revisit fcp=129 load=218
run 3/7 measured+assisted css-heavy: cold fcp=432 load=419 | warm fcp=212 load=201 | revisit fcp=236 load=215
run 3/7 measured+assisted grid: cold fcp=133 load=293 | warm fcp=120 load=232 | revisit fcp=116 load=227
run 3/7 measured+assisted frames: cold fcp=136 load=248 | warm fcp=120 load=226 | revisit fcp=140 load=254
run 3/7 measured+assisted news: cold fcp=381 load=534 | warm fcp=264 load=369 | revisit fcp=264 load=371
run 3/7 measured+assisted interactive: cold fcp=165 load=160 | warm fcp=200 load=196 | revisit fcp=136 load=144
run 3/7 current+assisted article: cold fcp=345 load=479 | warm fcp=244 load=239 | revisit fcp=256 load=256
run 3/7 current+assisted spa: cold fcp=136 load=912 | warm fcp=112 load=272 | revisit fcp=140 load=235
run 3/7 current+assisted css-heavy: cold fcp=453 load=438 | warm fcp=208 load=198 | revisit fcp=240 load=217
run 3/7 current+assisted grid: cold fcp=149 load=325 | warm fcp=120 load=245 | revisit fcp=116 load=239
run 3/7 current+assisted frames: cold fcp=132 load=241 | warm fcp=124 load=234 | revisit fcp=124 load=238
run 3/7 current+assisted news: cold fcp=368 load=528 | warm fcp=244 load=366 | revisit fcp=281 load=378
run 3/7 current+assisted interactive: cold fcp=161 load=176 | warm fcp=128 load=141 | revisit fcp=140 load=146
run 4/7 measured+assisted article: cold fcp=352 load=485 | warm fcp=244 load=238 | revisit fcp=256 load=255
run 4/7 measured+assisted spa: cold fcp=148 load=932 | warm fcp=112 load=263 | revisit fcp=137 load=222
run 4/7 measured+assisted css-heavy: cold fcp=420 load=407 | warm fcp=212 load=203 | revisit fcp=232 load=209
run 4/7 measured+assisted grid: cold fcp=141 load=268 | warm fcp=124 load=231 | revisit fcp=124 load=247
run 4/7 measured+assisted frames: cold fcp=137 load=258 | warm fcp=120 load=230 | revisit fcp=124 load=241
run 4/7 measured+assisted news: cold fcp=340 load=471 | warm fcp=264 load=367 | revisit fcp=272 load=374
run 4/7 measured+assisted interactive: cold fcp=145 load=158 | warm fcp=140 load=154 | revisit fcp=136 load=148
run 4/7 current+assisted article: cold fcp=352 load=483 | warm fcp=244 load=242 | revisit fcp=244 load=244
run 4/7 current+assisted spa: cold fcp=144 load=928 | warm fcp=116 load=271 | revisit fcp=132 load=219
run 4/7 current+assisted css-heavy: cold fcp=445 load=430 | warm fcp=212 load=199 | revisit fcp=220 load=198
run 4/7 current+assisted grid: cold fcp=133 load=277 | warm fcp=124 load=243 | revisit fcp=124 load=244
run 4/7 current+assisted frames: cold fcp=157 load=262 | warm fcp=116 load=225 | revisit fcp=140 load=257
run 4/7 current+assisted news: cold fcp=401 load=555 | warm fcp=260 load=363 | revisit fcp=260 load=364
run 4/7 current+assisted interactive: cold fcp=172 load=166 | warm fcp=192 load=157 | revisit fcp=144 load=164
run 5/7 measured+assisted article: cold fcp=345 load=496 | warm fcp=244 load=239 | revisit fcp=256 load=256
run 5/7 measured+assisted spa: cold fcp=145 load=937 | warm fcp=112 load=258 | revisit fcp=144 load=219
run 5/7 measured+assisted css-heavy: cold fcp=433 load=422 | warm fcp=212 load=199 | revisit fcp=220 load=198
run 5/7 measured+assisted grid: cold fcp=133 load=292 | warm fcp=120 load=232 | revisit fcp=120 load=242
run 5/7 measured+assisted frames: cold fcp=149 load=256 | warm fcp=120 load=227 | revisit fcp=132 load=245
run 5/7 measured+assisted news: cold fcp=365 load=512 | warm fcp=260 load=366 | revisit fcp=280 load=379
run 5/7 measured+assisted interactive: cold fcp=156 load=170 | warm fcp=204 load=169 | revisit fcp=136 load=152
run 5/7 current+assisted article: cold fcp=353 load=488 | warm fcp=240 load=237 | revisit fcp=256 load=255
run 5/7 current+assisted spa: cold fcp=144 load=911 | warm fcp=116 load=269 | revisit fcp=136 load=224
run 5/7 current+assisted css-heavy: cold fcp=448 load=429 | warm fcp=208 load=199 | revisit fcp=216 load=197
run 5/7 current+assisted grid: cold fcp=125 load=283 | warm fcp=125 load=235 | revisit fcp=128 load=249
run 5/7 current+assisted frames: cold fcp=140 load=248 | warm fcp=120 load=227 | revisit fcp=133 load=239
run 5/7 current+assisted news: cold fcp=365 load=519 | warm fcp=256 load=361 | revisit fcp=264 load=369
run 5/7 current+assisted interactive: cold fcp=156 load=170 | warm fcp=188 load=186 | revisit fcp=176 load=173
run 6/7 measured+assisted article: cold fcp=344 load=490 | warm fcp=236 load=234 | revisit fcp=260 load=257
run 6/7 measured+assisted spa: cold fcp=149 load=934 | warm fcp=112 load=272 | revisit fcp=152 load=232
run 6/7 measured+assisted css-heavy: cold fcp=417 load=404 | warm fcp=212 load=202 | revisit fcp=225 load=210
run 6/7 measured+assisted grid: cold fcp=140 load=316 | warm fcp=124 load=249 | revisit fcp=132 load=255
run 6/7 measured+assisted frames: cold fcp=153 load=269 | warm fcp=116 load=225 | revisit fcp=133 load=247
run 6/7 measured+assisted news: cold fcp=368 load=520 | warm fcp=256 load=362 | revisit fcp=264 load=366
run 6/7 measured+assisted interactive: cold fcp=177 load=168 | warm fcp=172 load=179 | revisit fcp=140 load=156
run 6/7 current+assisted article: cold fcp=348 load=497 | warm fcp=240 load=237 | revisit fcp=248 load=247
run 6/7 current+assisted spa: cold fcp=156 load=923 | warm fcp=116 load=266 | revisit fcp=133 load=219
run 6/7 current+assisted css-heavy: cold fcp=416 load=403 | warm fcp=224 load=212 | revisit fcp=212 load=197
run 6/7 current+assisted grid: cold fcp=137 load=302 | warm fcp=120 load=243 | revisit fcp=132 load=252
run 6/7 current+assisted frames: cold fcp=133 load=257 | warm fcp=120 load=226 | revisit fcp=124 load=238
run 6/7 current+assisted news: cold fcp=345 load=499 | warm fcp=261 load=367 | revisit fcp=264 load=368
run 6/7 current+assisted interactive: cold fcp=153 load=158 | warm fcp=204 load=171 | revisit fcp=136 load=150
run 7/7 measured+assisted article: cold fcp=344 load=494 | warm fcp=244 load=239 | revisit fcp=256 load=256
run 7/7 measured+assisted spa: cold fcp=144 load=917 | warm fcp=116 load=267 | revisit fcp=132 load=219
run 7/7 measured+assisted css-heavy: cold fcp=420 load=409 | warm fcp=212 load=197 | revisit fcp=228 load=207
run 7/7 measured+assisted grid: cold fcp=129 load=291 | warm fcp=120 load=245 | revisit fcp=120 load=228
run 7/7 measured+assisted frames: cold fcp=140 load=252 | warm fcp=120 load=242 | revisit fcp=132 load=246
run 7/7 measured+assisted news: cold fcp=357 load=516 | warm fcp=260 load=363 | revisit fcp=276 load=380
run 7/7 measured+assisted interactive: cold fcp=172 load=166 | warm fcp=176 load=190 | revisit fcp=140 load=151
run 7/7 current+assisted article: cold fcp=344 load=490 | warm fcp=244 load=239 | revisit fcp=248 load=246
run 7/7 current+assisted spa: cold fcp=144 load=911 | warm fcp=116 load=271 | revisit fcp=137 load=222
run 7/7 current+assisted css-heavy: cold fcp=421 load=407 | warm fcp=212 load=200 | revisit fcp=216 load=199
run 7/7 current+assisted grid: cold fcp=132 load=292 | warm fcp=124 load=234 | revisit fcp=120 load=244
run 7/7 current+assisted frames: cold fcp=144 load=268 | warm fcp=116 load=227 | revisit fcp=124 load=242
run 7/7 current+assisted news: cold fcp=348 load=493 | warm fcp=248 load=369 | revisit fcp=272 load=371
run 7/7 current+assisted interactive: cold fcp=161 load=176 | warm fcp=192 load=189 | revisit fcp=144 load=162
wrote <repo>\packages\bench\results\measured+assisted-typical-cpu1.json
wrote <repo>\packages\bench\results\current+assisted-typical-cpu1.json
