run 1/7 measured+assisted article: cold fcp=397 load=520 | warm fcp=224 load=220 | revisit fcp=248 load=246
run 1/7 measured+assisted spa: cold fcp=124 load=889 | warm fcp=116 load=260 | revisit fcp=124 load=197
run 1/7 measured+assisted css-heavy: cold fcp=420 load=408 | warm fcp=208 load=199 | revisit fcp=220 load=204
run 1/7 measured+assisted grid: cold fcp=133 load=262 | warm fcp=124 load=227 | revisit fcp=116 load=218
run 1/7 measured+assisted frames: cold fcp=136 load=257 | warm fcp=124 load=244 | revisit fcp=132 load=238
run 1/7 measured+assisted news: cold fcp=353 load=480 | warm fcp=232 load=359 | revisit fcp=264 load=369
run 1/7 measured+assisted interactive: cold fcp=136 load=146 | warm fcp=124 load=131 | revisit fcp=124 load=143
run 1/7 current+assisted article: cold fcp=336 load=450 | warm fcp=240 load=237 | revisit fcp=244 load=241
run 1/7 current+assisted spa: cold fcp=128 load=897 | warm fcp=112 load=252 | revisit fcp=124 load=204
run 1/7 current+assisted css-heavy: cold fcp=413 load=400 | warm fcp=208 load=200 | revisit fcp=236 load=223
run 1/7 current+assisted grid: cold fcp=120 load=248 | warm fcp=112 load=214 | revisit fcp=124 load=238
run 1/7 current+assisted frames: cold fcp=128 load=236 | warm fcp=116 load=225 | revisit fcp=128 load=245
run 1/7 current+assisted news: cold fcp=340 load=462 | warm fcp=228 load=355 | revisit fcp=256 load=364
run 1/7 current+assisted interactive: cold fcp=140 load=152 | warm fcp=132 load=137 | revisit fcp=132 load=143
run 2/7 measured+assisted article: cold fcp=341 load=457 | warm fcp=212 load=210 | revisit fcp=240 load=239
run 2/7 measured+assisted spa: cold fcp=132 load=893 | warm fcp=120 load=256 | revisit fcp=132 load=213
run 2/7 measured+assisted css-heavy: cold fcp=420 load=408 | warm fcp=216 load=205 | revisit fcp=216 load=201
run 2/7 measured+assisted grid: cold fcp=121 load=250 | warm fcp=112 load=212 | revisit fcp=120 load=232
run 2/7 measured+assisted frames: cold fcp=132 load=244 | warm fcp=116 load=226 | revisit fcp=132 load=245
run 2/7 measured+assisted news: cold fcp=372 load=503 | warm fcp=232 load=358 | revisit fcp=260 load=364
run 2/7 measured+assisted interactive: cold fcp=137 load=148 | warm fcp=132 load=144 | revisit fcp=132 load=152
run 2/7 current+assisted article: cold fcp=321 load=439 | warm fcp=212 load=209 | revisit fcp=248 load=248
run 2/7 current+assisted spa: cold fcp=137 load=899 | warm fcp=120 load=261 | revisit fcp=144 load=206
run 2/7 current+assisted css-heavy: cold fcp=412 load=402 | warm fcp=212 load=203 | revisit fcp=216 load=231
run 2/7 current+assisted grid: cold fcp=136 load=260 | warm fcp=124 load=227 | revisit fcp=112 load=218
run 2/7 current+assisted frames: cold fcp=129 load=238 | warm fcp=120 load=226 | revisit fcp=128 load=245
run 2/7 current+assisted news: cold fcp=329 load=447 | warm fcp=232 load=358 | revisit fcp=248 load=371
run 2/7 current+assisted interactive: cold fcp=140 load=155 | warm fcp=128 load=137 | revisit fcp=144 load=156
run 3/7 measured+assisted article: cold fcp=317 load=431 | warm fcp=216 load=213 | revisit fcp=248 load=245
run 3/7 measured+assisted spa: cold fcp=128 load=886 | warm fcp=120 load=258 | revisit fcp=120 load=198
run 3/7 measured+assisted css-heavy: cold fcp=412 load=401 | warm fcp=204 load=191 | revisit fcp=208 load=195
run 3/7 measured+assisted grid: cold fcp=121 load=253 | warm fcp=112 load=214 | revisit fcp=120 load=237
run 3/7 measured+assisted frames: cold fcp=132 load=240 | warm fcp=120 load=229 | revisit fcp=124 load=239
run 3/7 measured+assisted news: cold fcp=332 load=448 | warm fcp=252 load=359 | revisit fcp=256 load=366
run 3/7 measured+assisted interactive: cold fcp=148 load=152 | warm fcp=132 load=139 | revisit fcp=136 load=150
run 3/7 current+assisted article: cold fcp=324 load=443 | warm fcp=216 load=211 | revisit fcp=232 load=232
run 3/7 current+assisted spa: cold fcp=124 load=881 | warm fcp=116 load=251 | revisit fcp=128 load=202
run 3/7 current+assisted css-heavy: cold fcp=412 load=399 | warm fcp=212 load=207 | revisit fcp=216 load=205
run 3/7 current+assisted grid: cold fcp=128 load=254 | warm fcp=108 load=214 | revisit fcp=124 load=228
run 3/7 current+assisted frames: cold fcp=137 load=245 | warm fcp=116 load=220 | revisit fcp=132 load=245
run 3/7 current+assisted news: cold fcp=328 load=449 | warm fcp=228 load=355 | revisit fcp=264 load=368
run 3/7 current+assisted interactive: cold fcp=152 load=148 | warm fcp=124 load=132 | revisit fcp=140 load=152
run 4/7 measured+assisted article: cold fcp=325 load=441 | warm fcp=216 load=210 | revisit fcp=232 load=229
run 4/7 measured+assisted spa: cold fcp=133 load=889 | warm fcp=120 load=259 | revisit fcp=120 load=200
run 4/7 measured+assisted css-heavy: cold fcp=408 load=397 | warm fcp=212 load=202 | revisit fcp=212 load=201
run 4/7 measured+assisted grid: cold fcp=133 load=260 | warm fcp=112 load=213 | revisit fcp=124 load=239
run 4/7 measured+assisted frames: cold fcp=132 load=243 | warm fcp=108 load=214 | revisit fcp=128 load=239
run 4/7 measured+assisted news: cold fcp=329 load=445 | warm fcp=232 load=356 | revisit fcp=252 load=360
run 4/7 measured+assisted interactive: cold fcp=141 load=151 | warm fcp=124 load=131 | revisit fcp=132 load=141
run 4/7 current+assisted article: cold fcp=317 load=432 | warm fcp=212 load=211 | revisit fcp=232 load=230
run 4/7 current+assisted spa: cold fcp=141 load=894 | warm fcp=116 load=255 | revisit fcp=120 load=197
run 4/7 current+assisted css-heavy: cold fcp=420 load=410 | warm fcp=204 load=193 | revisit fcp=208 load=227
run 4/7 current+assisted grid: cold fcp=125 load=255 | warm fcp=124 load=226 | revisit fcp=124 load=241
run 4/7 current+assisted frames: cold fcp=128 load=240 | warm fcp=120 load=231 | revisit fcp=124 load=239
run 4/7 current+assisted news: cold fcp=337 load=454 | warm fcp=228 load=355 | revisit fcp=264 load=371
run 4/7 current+assisted interactive: cold fcp=149 load=151 | warm fcp=132 load=143 | revisit fcp=132 load=139
run 5/7 measured+assisted article: cold fcp=313 load=433 | warm fcp=212 load=210 | revisit fcp=244 load=237
run 5/7 measured+assisted spa: cold fcp=124 load=885 | warm fcp=104 load=247 | revisit fcp=124 load=202
run 5/7 measured+assisted css-heavy: cold fcp=416 load=403 | warm fcp=216 load=205 | revisit fcp=216 load=237
run 5/7 measured+assisted grid: cold fcp=124 load=250 | warm fcp=124 load=226 | revisit fcp=120 load=237
run 5/7 measured+assisted frames: cold fcp=140 load=248 | warm fcp=108 load=217 | revisit fcp=124 load=236
run 5/7 measured+assisted news: cold fcp=333 load=447 | warm fcp=232 load=357 | revisit fcp=260 load=365
run 5/7 measured+assisted interactive: cold fcp=140 load=155 | warm fcp=124 load=130 | revisit fcp=132 load=142
run 5/7 current+assisted article: cold fcp=320 load=437 | warm fcp=228 load=226 | revisit fcp=248 load=245
run 5/7 current+assisted spa: cold fcp=132 load=889 | warm fcp=120 load=259 | revisit fcp=132 load=207
run 5/7 current+assisted css-heavy: cold fcp=417 load=583 | warm fcp=216 load=205 | revisit fcp=213 load=226
run 5/7 current+assisted grid: cold fcp=124 load=251 | warm fcp=108 load=213 | revisit fcp=132 load=222
run 5/7 current+assisted frames: cold fcp=136 load=245 | warm fcp=116 load=229 | revisit fcp=120 load=235
run 5/7 current+assisted news: cold fcp=340 load=457 | warm fcp=232 load=354 | revisit fcp=260 load=371
run 5/7 current+assisted interactive: cold fcp=148 load=151 | warm fcp=136 load=147 | revisit fcp=136 load=147
run 6/7 measured+assisted article: cold fcp=324 load=438 | warm fcp=212 load=210 | revisit fcp=220 load=220
run 6/7 measured+assisted spa: cold fcp=125 load=881 | warm fcp=104 load=239 | revisit fcp=132 load=211
run 6/7 measured+assisted css-heavy: cold fcp=420 load=409 | warm fcp=200 load=191 | revisit fcp=212 load=225
run 6/7 measured+assisted grid: cold fcp=117 load=246 | warm fcp=108 load=214 | revisit fcp=116 load=220
run 6/7 measured+assisted frames: cold fcp=124 load=235 | warm fcp=120 load=228 | revisit fcp=124 load=238
run 6/7 measured+assisted news: cold fcp=336 load=457 | warm fcp=232 load=361 | revisit fcp=260 load=367
run 6/7 measured+assisted interactive: cold fcp=148 load=152 | warm fcp=136 load=147 | revisit fcp=140 load=152
run 6/7 current+assisted article: cold fcp=328 load=443 | warm fcp=212 load=210 | revisit fcp=248 load=246
run 6/7 current+assisted spa: cold fcp=136 load=900 | warm fcp=104 load=242 | revisit fcp=132 load=208
run 6/7 current+assisted css-heavy: cold fcp=408 load=398 | warm fcp=216 load=206 | revisit fcp=204 load=195
run 6/7 current+assisted grid: cold fcp=128 load=259 | warm fcp=108 load=214 | revisit fcp=124 load=242
run 6/7 current+assisted frames: cold fcp=128 load=236 | warm fcp=120 load=228 | revisit fcp=116 load=231
run 6/7 current+assisted news: cold fcp=340 load=457 | warm fcp=232 load=357 | revisit fcp=269 load=376
run 6/7 current+assisted interactive: cold fcp=140 load=153 | warm fcp=128 load=137 | revisit fcp=132 load=144
run 7/7 measured+assisted article: cold fcp=321 load=431 | warm fcp=244 load=239 | revisit fcp=236 load=236
run 7/7 measured+assisted spa: cold fcp=128 load=887 | warm fcp=104 load=242 | revisit fcp=124 load=210
run 7/7 measured+assisted css-heavy: cold fcp=412 load=401 | warm fcp=216 load=206 | revisit fcp=212 load=196
run 7/7 measured+assisted grid: cold fcp=124 load=251 | warm fcp=108 load=211 | revisit fcp=112 load=218
run 7/7 measured+assisted frames: cold fcp=129 load=239 | warm fcp=108 load=216 | revisit fcp=124 load=237
run 7/7 measured+assisted news: cold fcp=333 load=450 | warm fcp=244 load=358 | revisit fcp=236 load=359
run 7/7 measured+assisted interactive: cold fcp=132 load=144 | warm fcp=136 load=147 | revisit fcp=132 load=155
run 7/7 current+assisted article: cold fcp=316 load=434 | warm fcp=216 load=212 | revisit fcp=244 load=242
run 7/7 current+assisted spa: cold fcp=136 load=903 | warm fcp=108 load=241 | revisit fcp=132 load=219
run 7/7 current+assisted css-heavy: cold fcp=408 load=397 | warm fcp=216 load=205 | revisit fcp=216 load=200
run 7/7 current+assisted grid: cold fcp=121 load=249 | warm fcp=108 load=212 | revisit fcp=116 load=220
run 7/7 current+assisted frames: cold fcp=125 load=234 | warm fcp=108 load=216 | revisit fcp=132 load=245
run 7 current+assisted news: FAILED EPERM, Permission denied: 'C:\Users\louis\AppData\Local\Temp\ramjet-bench-3mDbhf'
run 7/7 current+assisted interactive: cold fcp=132 load=146 | warm fcp=136 load=146 | revisit fcp=144 load=149
wrote C:\Users\louis\Desktop\VS Studio Code\Ramjet\packages\bench\results\measured+assisted-typical-cpu1.json
wrote C:\Users\louis\Desktop\VS Studio Code\Ramjet\packages\bench\results\current+assisted-typical-cpu1.json
1 measurement(s) failed
