run 1/7 baseline article: cold fcp=794 load=1417 | warm fcp=352 load=639
run 1/7 baseline spa: cold fcp=494 load=1445 | warm fcp=260 load=265
run 1/7 baseline css-heavy: cold fcp=650 load=2056 | warm fcp=236 load=228
run 1/7 baseline grid: cold fcp=522 load=1315 | warm fcp=148 load=552
run 1/7 baseline frames: cold fcp=442 load=826 | warm fcp=136 load=301
run 1/7 baseline news: cold fcp=1249 load=1868 | warm fcp=584 load=581
run 1/7 baseline interactive: cold fcp=646 load=585 | warm fcp=212 load=194
run 1/7 current+assisted article: cold fcp=150506 load=150720 | warm fcp=224 load=219
run 1/7 current+assisted spa: cold fcp=246 load=88805 | warm fcp=104 load=245
run 1/7 current+assisted css-heavy: cold fcp=176894 load=177286 | warm fcp=216 load=204
run 1/7 current+assisted grid: cold fcp=214 load=87585 | warm fcp=124 load=89187
run 1/7 current+assisted frames: cold fcp=246 load=431 | warm fcp=108 load=216
run 1/7 current+assisted news: cold fcp=176906 load=177139 | warm fcp=232 load=358
run 1/7 current+assisted interactive: cold fcp=338 load=337 | warm fcp=128 load=134
run 2/7 baseline article: cold fcp=746 load=1297 | warm fcp=328 load=615
run 2/7 baseline spa: cold fcp=450 load=1408 | warm fcp=264 load=270
run 2/7 baseline css-heavy: cold fcp=581 load=1687 | warm fcp=244 load=235
run 2/7 baseline grid: cold fcp=542 load=1356 | warm fcp=196 load=551
run 2/7 baseline frames: cold fcp=462 load=824 | warm fcp=140 load=304
run 2/7 baseline news: cold fcp=1238 load=1853 | warm fcp=588 load=587
run 2/7 baseline interactive: cold fcp=574 load=510 | warm fcp=224 load=220
run 2/7 current+assisted article: cold fcp=171806 load=172062 | warm fcp=240 load=235
run 2/7 current+assisted spa: cold fcp=254 load=88920 | warm fcp=140 load=378
run 2/7 current+assisted css-heavy: cold fcp=176410 load=176359 | warm fcp=228 load=211
