run 1/7 baseline article: cold fcp=465 load=740 | warm fcp=364 load=647
run 1/7 baseline spa: cold fcp=176 load=1531 | warm fcp=144 load=286
run 1/7 baseline css-heavy: cold fcp=480 load=469 | warm fcp=244 load=235
run 1/7 baseline grid: cold fcp=188 load=585 | warm fcp=216 load=565
run 1/7 baseline frames: cold fcp=176 load=348 | warm fcp=144 load=307
run 1/7 baseline news: cold fcp=773 load=1054 | warm fcp=668 load=665
run 1/7 baseline interactive: cold fcp=268 load=263 | warm fcp=304 load=298
run 1/7 current+assisted article: cold fcp=153704 load=153835 | warm fcp=256 load=253
run 1/7 current+assisted spa: cold fcp=124 load=89070 | warm fcp=248 load=381
run 1/7 current+assisted css-heavy: cold fcp=176481 load=176457 | warm fcp=268 load=238
run 1/7 current+assisted grid: cold fcp=141 load=87897 | warm fcp=156 load=89202
run 1/7 current+assisted frames: cold fcp=124 load=238 | warm fcp=120 load=241
run 1/7 current+assisted news: cold fcp=176621 load=176806 | warm fcp=348 load=439
run 1/7 current+assisted interactive: cold fcp=148 load=160 | warm fcp=225 load=221
run 2/7 baseline article: cold fcp=444 load=734 | warm fcp=348 load=635
run 2/7 baseline spa: cold fcp=192 load=1537 | warm fcp=264 load=271
run 2/7 baseline css-heavy: cold fcp=472 load=464 | warm fcp=244 load=233
run 2/7 baseline grid: cold fcp=192 load=593 | warm fcp=164 load=567
run 2/7 baseline frames: cold fcp=184 load=342 | warm fcp=152 load=308
run 2/7 baseline news: cold fcp=772 load=1063 | warm fcp=672 load=667
run 2/7 baseline interactive: cold fcp=260 load=258 | warm fcp=313 load=310
run 2/7 current+assisted article: cold fcp=174964 load=175093 | warm fcp=256 load=252
run 2/7 current+assisted spa: cold fcp=132 load=88980 | warm fcp=112 load=251
run 2/7 current+assisted css-heavy: cold fcp=176812 load=176792 | warm fcp=264 load=227
run 2/7 current+assisted grid: cold fcp=128 load=87913 | warm fcp=165 load=89155
run 2/7 current+assisted frames: cold fcp=128 load=243 | warm fcp=116 load=238
run 2/7 current+assisted news: cold fcp=176736 load=176859 | warm fcp=264 load=420
run 2/7 current+assisted interactive: cold fcp=152 load=163 | warm fcp=144 load=149
run 3/7 baseline article: cold fcp=444 load=719 | warm fcp=348 load=637
run 3/7 baseline spa: cold fcp=168 load=1518 | warm fcp=144 load=288
run 3/7 baseline css-heavy: cold fcp=476 load=466 | warm fcp=244 load=236
run 3/7 baseline grid: cold fcp=184 load=583 | warm fcp=208 load=563
run 3/7 baseline frames: cold fcp=184 load=338 | warm fcp=140 load=308
run 3/7 baseline news: cold fcp=749 load=1036 | warm fcp=668 load=667
run 3/7 baseline interactive: cold fcp=264 load=260 | warm fcp=228 load=210
run 3/7 current+assisted article: cold fcp=176240 load=176411 | warm fcp=288 load=283
run 3/7 current+assisted spa: cold fcp=128 load=88764 | warm fcp=120 load=261
run 3/7 current+assisted css-heavy: cold fcp=176788 load=176777 | warm fcp=212 load=202
run 3/7 current+assisted grid: cold fcp=136 load=88009 | warm fcp=128 load=89215
run 3/7 current+assisted frames: cold fcp=124 load=235 | warm fcp=120 load=239
run 3/7 current+assisted news: cold fcp=176840 load=176961 | warm fcp=264 load=423
run 3/7 current+assisted interactive: cold fcp=156 load=164 | warm fcp=148 load=153
run 4/7 baseline article: cold fcp=444 load=734 | warm fcp=348 load=634
run 4/7 baseline spa: cold fcp=172 load=1508 | warm fcp=268 load=274
run 4/7 baseline css-heavy: cold fcp=472 load=463 | warm fcp=244 load=236
run 4/7 baseline grid: cold fcp=188 load=585 | warm fcp=208 load=568
run 4/7 baseline frames: cold fcp=172 load=327 | warm fcp=152 load=310
run 4/7 baseline news: cold fcp=744 load=1031 | warm fcp=652 load=647
run 4/7 baseline interactive: cold fcp=264 load=262 | warm fcp=228 load=210
run 4/7 current+assisted article: cold fcp=176424 load=176539 | warm fcp=236 load=233
run 4/7 current+assisted spa: cold fcp=125 load=88980 | warm fcp=120 load=262
run 4/7 current+assisted css-heavy: cold fcp=176816 load=176807 | warm fcp=212 load=204
run 4/7 current+assisted grid: cold fcp=136 load=88014 | warm fcp=128 load=89187
run 4/7 current+assisted frames: cold fcp=132 load=243 | warm fcp=120 load=230
run 4/7 current+assisted news: cold fcp=176880 load=177002 | warm fcp=260 load=415
run 4/7 current+assisted interactive: cold fcp=152 load=169 | warm fcp=152 load=163
run 5/7 baseline article: cold fcp=436 load=713 | warm fcp=352 load=636
run 5/7 baseline spa: cold fcp=184 load=1534 | warm fcp=136 load=271
run 5/7 baseline css-heavy: cold fcp=464 load=453 | warm fcp=232 load=223
run 5/7 baseline grid: cold fcp=204 load=594 | warm fcp=152 load=554
run 5/7 baseline frames: cold fcp=180 load=357 | warm fcp=148 load=308
run 5/7 baseline news: cold fcp=744 load=1031 | warm fcp=656 load=654
run 5/7 baseline interactive: cold fcp=273 load=266 | warm fcp=228 load=211
run 5/7 current+assisted article: cold fcp=176320 load=176437 | warm fcp=260 load=256
run 5/7 current+assisted spa: cold fcp=120 load=89006 | warm fcp=116 load=254
run 5/7 current+assisted css-heavy: cold fcp=176800 load=176787 | warm fcp=216 load=201
run 5/7 current+assisted grid: cold fcp=136 load=88011 | warm fcp=128 load=89188
run 5/7 current+assisted frames: cold fcp=129 load=245 | warm fcp=120 load=229
run 5/7 current+assisted news: cold fcp=176880 load=176997 | warm fcp=260 load=415
run 5/7 current+assisted interactive: cold fcp=141 load=159 | warm fcp=148 load=157
run 6/7 baseline article: cold fcp=444 load=727 | warm fcp=352 load=638
run 6/7 baseline spa: cold fcp=184 load=1530 | warm fcp=136 load=271
run 6/7 baseline css-heavy: cold fcp=485 load=471 | warm fcp=240 load=231
run 6/7 baseline grid: cold fcp=196 load=595 | warm fcp=200 load=554
run 6/7 baseline frames: cold fcp=184 load=343 | warm fcp=152 load=308
run 6/7 baseline news: cold fcp=741 load=1028 | warm fcp=640 load=639
run 6/7 baseline interactive: cold fcp=264 load=260 | warm fcp=236 load=233
run 6/7 current+assisted article: cold fcp=176344 load=176456 | warm fcp=260 load=254
run 6/7 current+assisted spa: cold fcp=124 load=89000 | warm fcp=116 load=260
run 6/7 current+assisted css-heavy: cold fcp=176776 load=176768 | warm fcp=200 load=191
run 6/7 current+assisted grid: cold fcp=128 load=88039 | warm fcp=140 load=89186
run 6/7 current+assisted frames: cold fcp=132 load=243 | warm fcp=108 load=221
run 6/7 current+assisted news: cold fcp=176904 load=177023 | warm fcp=260 load=416
run 6/7 current+assisted interactive: cold fcp=144 load=156 | warm fcp=140 load=147
run 7/7 baseline article: cold fcp=440 load=731 | warm fcp=348 load=636
run 7/7 baseline spa: cold fcp=172 load=1526 | warm fcp=208 load=284
run 7/7 baseline css-heavy: cold fcp=456 load=937 | warm fcp=232 load=225
run 7/7 baseline grid: cold fcp=188 load=587 | warm fcp=200 load=553
run 7/7 baseline frames: cold fcp=184 load=349 | warm fcp=140 load=307
run 7/7 baseline news: cold fcp=748 load=1035 | warm fcp=644 load=640
run 7/7 baseline interactive: cold fcp=248 load=244 | warm fcp=236 load=218
run 7/7 current+assisted article: cold fcp=175912 load=176030 | warm fcp=228 load=227
run 7/7 current+assisted spa: cold fcp=124 load=89006 | warm fcp=124 load=265
run 7/7 current+assisted css-heavy: cold fcp=176808 load=176797 | warm fcp=204 load=194
run 7/7 current+assisted grid: cold fcp=144 load=88063 | warm fcp=144 load=89173
run 7/7 current+assisted frames: cold fcp=132 load=247 | warm fcp=124 load=231
run 7/7 current+assisted news: cold fcp=176812 load=176936 | warm fcp=264 load=421
run 7/7 current+assisted interactive: cold fcp=148 load=159 | warm fcp=144 load=148
wrote <repo>\packages\bench\results\baseline-typical-cpu1.json
wrote <repo>\packages\bench\results\current+assisted-typical-cpu1.json
