run 1/7 baseline article: cold fcp=448 load=740 | warm fcp=324 load=614 | revisit fcp=432 load=710
run 1/7 baseline spa: cold fcp=184 load=917 | warm fcp=148 load=286 | revisit fcp=188 load=924
run 1/7 baseline css-heavy: cold fcp=444 load=433 | warm fcp=248 load=236 | revisit fcp=432 load=915
run 1/7 baseline grid: cold fcp=177 load=570 | warm fcp=136 load=537 | revisit fcp=180 load=578
run 1 baseline frames: FAILED EPERM, Permission denied: '<tmp>\ramjet-bench-NPHFgg'
run 1/7 baseline news: cold fcp=668 load=955 | warm fcp=600 load=596 | revisit fcp=668 load=957
run 1/7 baseline interactive: cold fcp=248 load=243 | warm fcp=220 load=204 | revisit fcp=248 load=242
run 1/7 current+assisted article: cold fcp=345 load=460 | warm fcp=228 load=225 | revisit fcp=249 load=246
run 1/7 current+assisted spa: cold fcp=133 load=892 | warm fcp=116 load=252 | revisit fcp=132 load=209
run 1/7 current+assisted css-heavy: cold fcp=420 load=604 | warm fcp=220 load=204 | revisit fcp=212 load=201
run 1/7 current+assisted grid: cold fcp=132 load=254 | warm fcp=124 load=228 | revisit fcp=116 load=218
run 1/7 current+assisted frames: cold fcp=133 load=247 | warm fcp=116 load=227 | revisit fcp=128 load=240
run 1/7 current+assisted news: cold fcp=348 load=476 | warm fcp=232 load=356 | revisit fcp=261 load=370
run 1/7 current+assisted interactive: cold fcp=144 load=158 | warm fcp=136 load=143 | revisit fcp=136 load=148
run 2/7 baseline article: cold fcp=428 load=703 | warm fcp=328 load=614 | revisit fcp=424 load=697
run 2/7 baseline spa: cold fcp=184 load=904 | warm fcp=144 load=281 | revisit fcp=184 load=904
run 2/7 baseline css-heavy: cold fcp=420 load=410 | warm fcp=252 load=242 | revisit fcp=452 load=438
run 2/7 baseline grid: cold fcp=180 load=577 | warm fcp=200 load=546 | revisit fcp=168 load=566
run 2/7 baseline frames: cold fcp=188 load=352 | warm fcp=144 load=306 | revisit fcp=176 load=340
run 2/7 baseline news: cold fcp=660 load=946 | warm fcp=604 load=602 | revisit fcp=676 load=961
run 2/7 baseline interactive: cold fcp=252 load=247 | warm fcp=208 load=206 | revisit fcp=241 load=236
run 2/7 current+assisted article: cold fcp=340 load=457 | warm fcp=232 load=227 | revisit fcp=252 load=248
run 2/7 current+assisted spa: cold fcp=129 load=882 | warm fcp=112 load=252 | revisit fcp=137 load=206
run 2/7 current+assisted css-heavy: cold fcp=424 load=410 | warm fcp=216 load=212 | revisit fcp=221 load=237
run 2/7 current+assisted grid: cold fcp=117 load=250 | warm fcp=108 load=211 | revisit fcp=128 load=243
run 2/7 current+assisted frames: cold fcp=128 load=240 | warm fcp=120 load=226 | revisit fcp=117 load=234
run 2/7 current+assisted news: cold fcp=329 load=450 | warm fcp=228 load=354 | revisit fcp=264 load=373
run 2/7 current+assisted interactive: cold fcp=124 load=143 | warm fcp=132 load=142 | revisit fcp=136 load=152
run 3/7 baseline article: cold fcp=440 load=728 | warm fcp=324 load=609 | revisit fcp=424 load=703
run 3/7 baseline spa: cold fcp=184 load=907 | warm fcp=196 load=271 | revisit fcp=176 load=912
run 3/7 baseline css-heavy: cold fcp=444 load=941 | warm fcp=236 load=224 | revisit fcp=432 load=934
run 3/7 baseline grid: cold fcp=176 load=574 | warm fcp=176 load=544 | revisit fcp=176 load=567
run 3/7 baseline frames: cold fcp=176 load=331 | warm fcp=152 load=311 | revisit fcp=180 load=335
run 3/7 baseline news: cold fcp=672 load=955 | warm fcp=592 load=592 | revisit fcp=660 load=943
run 3/7 baseline interactive: cold fcp=248 load=245 | warm fcp=204 load=186 | revisit fcp=240 load=238
run 3/7 current+assisted article: cold fcp=332 load=452 | warm fcp=244 load=239 | revisit fcp=248 load=246
run 3/7 current+assisted spa: cold fcp=133 load=889 | warm fcp=112 load=255 | revisit fcp=124 load=204
run 3/7 current+assisted css-heavy: cold fcp=417 load=405 | warm fcp=212 load=204 | revisit fcp=208 load=221
run 3/7 current+assisted grid: cold fcp=129 load=254 | warm fcp=108 load=215 | revisit fcp=124 load=238
run 3/7 current+assisted frames: cold fcp=128 load=236 | warm fcp=108 load=218 | revisit fcp=124 load=237
run 3/7 current+assisted news: cold fcp=360 load=485 | warm fcp=232 load=357 | revisit fcp=265 load=368
run 3/7 current+assisted interactive: cold fcp=136 load=145 | warm fcp=132 load=143 | revisit fcp=136 load=155
run 4/7 baseline article: cold fcp=424 load=700 | warm fcp=332 load=617 | revisit fcp=424 load=699
run 4/7 baseline spa: cold fcp=188 load=923 | warm fcp=208 load=283 | revisit fcp=172 load=909
run 4/7 baseline css-heavy: cold fcp=437 load=920 | warm fcp=244 load=231 | revisit fcp=428 load=914
run 4/7 baseline grid: cold fcp=180 load=578 | warm fcp=184 load=539 | revisit fcp=180 load=576
run 4/7 baseline frames: cold fcp=180 load=336 | warm fcp=156 load=307 | revisit fcp=180 load=335
run 4/7 baseline news: cold fcp=668 load=954 | warm fcp=604 load=602 | revisit fcp=668 load=954
run 4/7 baseline interactive: cold fcp=249 load=245 | warm fcp=216 load=198 | revisit fcp=248 load=242
run 4/7 current+assisted article: cold fcp=344 load=458 | warm fcp=228 load=210 | revisit fcp=248 load=249
run 4/7 current+assisted spa: cold fcp=136 load=895 | warm fcp=120 load=260 | revisit fcp=137 load=211
run 4/7 current+assisted css-heavy: cold fcp=412 load=400 | warm fcp=216 load=205 | revisit fcp=221 load=205
run 4/7 current+assisted grid: cold fcp=128 load=259 | warm fcp=108 load=215 | revisit fcp=120 load=228
run 4/7 current+assisted frames: cold fcp=129 load=239 | warm fcp=108 load=216 | revisit fcp=125 load=241
run 4/7 current+assisted news: cold fcp=336 load=467 | warm fcp=252 load=357 | revisit fcp=256 load=368
run 4/7 current+assisted interactive: cold fcp=140 load=156 | warm fcp=140 load=144 | revisit fcp=128 load=143
run 5/7 baseline article: cold fcp=432 load=708 | warm fcp=344 load=632 | revisit fcp=432 load=722
run 5/7 baseline spa: cold fcp=180 load=914 | warm fcp=136 load=270 | revisit fcp=181 load=914
run 5/7 baseline css-heavy: cold fcp=440 load=427 | warm fcp=232 load=226 | revisit fcp=440 load=427
run 5/7 baseline grid: cold fcp=180 load=575 | warm fcp=184 load=538 | revisit fcp=172 load=569
run 5/7 baseline frames: cold fcp=172 load=326 | warm fcp=148 load=309 | revisit fcp=188 load=352
run 5/7 baseline news: cold fcp=668 load=956 | warm fcp=596 load=595 | revisit fcp=668 load=955
run 5/7 baseline interactive: cold fcp=240 load=235 | warm fcp=220 load=203 | revisit fcp=252 load=247
run 5/7 current+assisted article: cold fcp=337 load=450 | warm fcp=240 load=238 | revisit fcp=240 load=238
run 5/7 current+assisted spa: cold fcp=132 load=896 | warm fcp=248 load=255 | revisit fcp=128 load=209
run 5/7 current+assisted css-heavy: cold fcp=420 load=411 | warm fcp=236 load=215 | revisit fcp=212 load=222
run 5/7 current+assisted grid: cold fcp=125 load=255 | warm fcp=124 load=226 | revisit fcp=125 load=241
run 5/7 current+assisted frames: cold fcp=128 load=245 | warm fcp=116 load=225 | revisit fcp=128 load=248
run 5/7 current+assisted news: cold fcp=337 load=458 | warm fcp=248 load=357 | revisit fcp=256 load=367
run 5/7 current+assisted interactive: cold fcp=132 load=145 | warm fcp=124 load=133 | revisit fcp=144 load=159
run 6/7 baseline article: cold fcp=436 load=720 | warm fcp=328 load=607 | revisit fcp=436 load=714
run 6/7 baseline spa: cold fcp=180 load=921 | warm fcp=200 load=271 | revisit fcp=180 load=907
run 6/7 baseline css-heavy: cold fcp=428 load=418 | warm fcp=244 load=236 | revisit fcp=417 load=407
run 6/7 baseline grid: cold fcp=185 load=578 | warm fcp=184 load=536 | revisit fcp=173 load=566
run 6/7 baseline frames: cold fcp=176 load=327 | warm fcp=148 load=313 | revisit fcp=184 load=359
run 6/7 baseline news: cold fcp=664 load=951 | warm fcp=580 load=580 | revisit fcp=664 load=951
run 6/7 baseline interactive: cold fcp=248 load=243 | warm fcp=204 load=201 | revisit fcp=248 load=246
run 6/7 current+assisted article: cold fcp=328 load=445 | warm fcp=244 load=241 | revisit fcp=248 load=246
run 6/7 current+assisted spa: cold fcp=120 load=879 | warm fcp=116 load=256 | revisit fcp=124 load=203
run 6/7 current+assisted css-heavy: cold fcp=412 load=400 | warm fcp=232 load=217 | revisit fcp=208 load=217
run 6/7 current+assisted grid: cold fcp=116 load=249 | warm fcp=124 load=227 | revisit fcp=128 load=243
run 6/7 current+assisted frames: cold fcp=136 load=249 | warm fcp=120 load=229 | revisit fcp=128 load=242
run 6/7 current+assisted news: cold fcp=356 load=488 | warm fcp=232 load=354 | revisit fcp=260 load=367
run 6/7 current+assisted interactive: cold fcp=133 load=144 | warm fcp=132 load=143 | revisit fcp=144 load=152
run 7/7 baseline article: cold fcp=428 load=705 | warm fcp=320 load=611 | revisit fcp=424 load=702
run 7/7 baseline spa: cold fcp=180 load=916 | warm fcp=148 load=287 | revisit fcp=180 load=909
run 7/7 baseline css-heavy: cold fcp=440 load=430 | warm fcp=244 load=237 | revisit fcp=432 load=422
run 7/7 baseline grid: cold fcp=176 load=575 | warm fcp=196 load=549 | revisit fcp=172 load=564
run 7/7 baseline frames: cold fcp=176 load=328 | warm fcp=136 load=299 | revisit fcp=184 load=347
run 7/7 baseline news: cold fcp=664 load=951 | warm fcp=588 load=585 | revisit fcp=668 load=959
run 7/7 baseline interactive: cold fcp=240 load=235 | warm fcp=216 load=198 | revisit fcp=248 load=246
run 7/7 current+assisted article: cold fcp=332 load=449 | warm fcp=228 load=224 | revisit fcp=244 load=240
run 7/7 current+assisted spa: cold fcp=136 load=897 | warm fcp=116 load=258 | revisit fcp=124 load=205
run 7/7 current+assisted css-heavy: cold fcp=417 load=404 | warm fcp=200 load=191 | revisit fcp=236 load=223
run 7/7 current+assisted grid: cold fcp=125 load=256 | warm fcp=120 load=225 | revisit fcp=128 load=249
run 7/7 current+assisted frames: cold fcp=136 load=248 | warm fcp=120 load=229 | revisit fcp=128 load=241
run 7/7 current+assisted news: cold fcp=352 load=482 | warm fcp=244 load=353 | revisit fcp=260 load=371
run 7/7 current+assisted interactive: cold fcp=145 load=156 | warm fcp=132 load=145 | revisit fcp=132 load=142
wrote <repo>\packages\bench\results\baseline-typical-cpu1.json
wrote <repo>\packages\bench\results\current+assisted-typical-cpu1.json
1 measurement(s) failed
