run 1/5 baseline article: cold fcp=452 load=732 | warm fcp=348 load=639
run 1/5 baseline spa: cold fcp=172 load=1512 | warm fcp=144 load=276
run 1/5 baseline css-heavy: cold fcp=472 load=460 | warm fcp=244 load=236
run 1/5 baseline grid: cold fcp=184 load=585 | warm fcp=180 load=564
run 1/5 baseline frames: cold fcp=168 load=326 | warm fcp=148 load=309
run 1/5 baseline news: cold fcp=744 load=1033 | warm fcp=652 load=649
run 1/5 baseline interactive: cold fcp=256 load=252 | warm fcp=232 load=215
run 1/5 current+assisted article: cold fcp=360 load=477 | warm fcp=240 load=235
run 1/5 current+assisted spa: cold fcp=129 load=1518 | warm fcp=116 load=250
run 1/5 current+assisted css-heavy: cold fcp=448 load=438 | warm fcp=204 load=194
run 1/5 current+assisted grid: cold fcp=144 load=271 | warm fcp=136 load=243
run 1/5 current+assisted frames: cold fcp=128 load=238 | warm fcp=120 load=229
run 1/5 current+assisted news: cold fcp=372 load=491 | warm fcp=264 load=423
run 1/5 current+assisted interactive: cold fcp=152 load=162 | warm fcp=144 load=152
run 2/5 baseline article: cold fcp=456 load=734 | warm fcp=344 load=631
run 2/5 baseline spa: cold fcp=184 load=1541 | warm fcp=260 load=265
run 2/5 baseline css-heavy: cold fcp=472 load=461 | warm fcp=236 load=228
run 2/5 baseline grid: cold fcp=188 load=579 | warm fcp=180 load=561
run 2/5 baseline frames: cold fcp=168 load=323 | warm fcp=148 load=303
run 2/5 baseline news: cold fcp=736 load=1024 | warm fcp=656 load=654
run 2/5 baseline interactive: cold fcp=257 load=252 | warm fcp=228 load=209
run 2/5 current+assisted article: cold fcp=356 load=478 | warm fcp=260 load=255
run 2/5 current+assisted spa: cold fcp=128 load=1514 | warm fcp=120 load=256
run 2/5 current+assisted css-heavy: cold fcp=457 load=448 | warm fcp=220 load=215
run 2/5 current+assisted grid: cold fcp=144 load=278 | warm fcp=140 load=262
run 2/5 current+assisted frames: cold fcp=129 load=254 | warm fcp=108 load=217
run 2/5 current+assisted news: cold fcp=384 load=502 | warm fcp=264 load=419
run 2/5 current+assisted interactive: cold fcp=144 load=162 | warm fcp=140 load=147
run 3/5 baseline article: cold fcp=456 load=740 | warm fcp=348 load=633
run 3/5 baseline spa: cold fcp=180 load=1541 | warm fcp=208 load=283
run 3/5 baseline css-heavy: cold fcp=468 load=955 | warm fcp=248 load=237
run 3/5 baseline grid: cold fcp=196 load=593 | warm fcp=212 load=565
run 3/5 baseline frames: cold fcp=184 load=353 | warm fcp=140 load=306
run 3/5 baseline news: cold fcp=768 load=1051 | warm fcp=640 load=636
run 3/5 baseline interactive: cold fcp=264 load=259 | warm fcp=228 load=212
run 3/5 current+assisted article: cold fcp=356 load=476 | warm fcp=240 load=236
run 3/5 current+assisted spa: cold fcp=124 load=1498 | warm fcp=112 load=253
run 3/5 current+assisted css-heavy: cold fcp=441 load=622 | warm fcp=216 load=212
run 3/5 current+assisted grid: cold fcp=140 load=268 | warm fcp=140 load=243
run 3/5 current+assisted frames: cold fcp=125 load=235 | warm fcp=120 load=245
run 3/5 current+assisted news: cold fcp=384 load=504 | warm fcp=260 load=420
run 3/5 current+assisted interactive: cold fcp=152 load=163 | warm fcp=152 load=163
run 4/5 baseline article: cold fcp=440 load=732 | warm fcp=348 load=632
run 4/5 baseline spa: cold fcp=184 load=1532 | warm fcp=200 load=276
run 4/5 baseline css-heavy: cold fcp=464 load=455 | warm fcp=244 load=237
run 4/5 baseline grid: cold fcp=192 load=590 | warm fcp=208 load=563
run 4/5 baseline frames: cold fcp=212 load=380 | warm fcp=152 load=303
run 4/5 baseline news: cold fcp=748 load=1054 | warm fcp=664 load=660
run 4/5 baseline interactive: cold fcp=272 load=270 | warm fcp=228 load=212
run 4/5 current+assisted article: cold fcp=360 load=477 | warm fcp=240 load=238
run 4/5 current+assisted spa: cold fcp=132 load=1516 | warm fcp=116 load=255
run 4/5 current+assisted css-heavy: cold fcp=464 load=451 | warm fcp=216 load=202
run 4/5 current+assisted grid: cold fcp=144 load=268 | warm fcp=136 load=242
run 4/5 current+assisted frames: cold fcp=124 load=239 | warm fcp=120 load=227
run 4/5 current+assisted news: cold fcp=397 load=512 | warm fcp=272 load=429
run 4/5 current+assisted interactive: cold fcp=148 load=166 | warm fcp=148 load=157
run 5/5 baseline article: cold fcp=440 load=720 | warm fcp=344 load=630
run 5/5 baseline spa: cold fcp=176 load=1539 | warm fcp=140 load=277
run 5/5 baseline css-heavy: cold fcp=452 load=934 | warm fcp=232 load=225
run 5/5 baseline grid: cold fcp=184 load=580 | warm fcp=204 load=553
run 5/5 baseline frames: cold fcp=188 load=349 | warm fcp=148 load=314
run 5/5 baseline news: cold fcp=748 load=1035 | warm fcp=656 load=655
run 5/5 baseline interactive: cold fcp=280 load=277 | warm fcp=232 load=227
run 5/5 current+assisted article: cold fcp=361 load=466 | warm fcp=260 load=254
run 5/5 current+assisted spa: cold fcp=133 load=1514 | warm fcp=116 load=258
run 5/5 current+assisted css-heavy: cold fcp=452 load=438 | warm fcp=212 load=202
run 5/5 current+assisted grid: cold fcp=140 load=271 | warm fcp=128 load=228
run 5/5 current+assisted frames: cold fcp=132 load=239 | warm fcp=120 load=233
run 5/5 current+assisted news: cold fcp=384 load=504 | warm fcp=260 load=419
run 5/5 current+assisted interactive: cold fcp=152 load=171 | warm fcp=148 load=159
wrote <repo>\packages\bench\results\baseline-typical-cpu1.json
wrote <repo>\packages\bench\results\current+assisted-typical-cpu1.json
